Строка 3, позиция 0: Между объявлением и открывающей скобкой не должно быть лишнего переноса строки.
Строка 3, позиция 0: После открывающей скобки не должно быть лишнего переноса строки.
Строка 10, позиция 1: Между объявлением и открывающей скобкой не должно быть лишнего переноса строки.
Строка 15, позиция 1: Между объявлением и открывающей скобкой не должно быть лишнего переноса строки.
Строка 22, позиция 2: Между объявлением и открывающей скобкой не должно быть лишнего переноса строки.
Строка 28, позиция 2: Между объявлением и открывающей скобкой не должно быть лишнего переноса строки.
Строка 32, позиция 2: После открывающей скобки не должно быть лишнего переноса строки.
Строка 37, позиция 2: Перед закрывающей скобкой не должно быть лишнего переноса строки.
Строка 40, позиция 2: После открывающей скобки не должно быть лишнего переноса строки.
Строка 42, позиция 3: После открывающей скобки не должно быть лишнего переноса строки.
Строка 47, позиция 2: Перед закрывающей скобкой не должно быть лишнего переноса строки.
Строка 51, позиция 1: После открывающей скобки не должно быть лишнего переноса строки.
Строка 61, позиция 3: Между объявлением и открывающей скобкой не должно быть лишнего переноса строки.
Строка 61, позиция 3: После открывающей скобки не должно быть лишнего переноса строки.
Строка 65, позиция 3: Перед закрывающей скобкой не должно быть лишнего переноса строки.
Строка 67, позиция 2: Перед закрывающей скобкой не должно быть лишнего переноса строки.
Строка 71, позиция 2: После закрывающей скобки нужно оставить одну пустую строку.
Строка 74, позиция 2: После закрывающей скобки нужно оставить одну пустую строку.
Строка 79, позиция 1: Перед закрывающей скобкой не должно быть лишнего переноса строки.
Строка 83, позиция 1: После закрывающей скобки нужно оставить одну пустую строку.
Строка 90, позиция 1: После закрывающей скобки нужно оставить одну пустую строку.
Строка 97, позиция 1: После закрывающей скобки нужно оставить одну пустую строку.
Строка 100, позиция 1: Между объявлением и открывающей скобкой не должно быть лишнего переноса строки.
Строка 105, позиция 1: После закрывающей скобки нужно оставить одну пустую строку.
Строка 108, позиция 1: После закрывающей скобки нужно оставить одну пустую строку.
Строка 113, позиция 0: Перед закрывающей скобкой не должно быть лишнего переноса строки.
Строка 113, позиция 0: После закрывающей скобки нужно оставить одну пустую строку.
Строка 116, позиция 0: После закрывающей скобки нужно оставить одну пустую строку.